#
# There is insufficient memory for the Java Runtime Environment to continue.
# Native memory allocation (mmap) failed to map 130023424 bytes. Error detail: G1 virtual space
# Possible reasons:
#   The system is out of physical RAM or swap space
#   This process is running with CompressedOops enabled, and the Java Heap may be blocking the growth of the native heap
# Possible solutions:
#   Reduce memory load on the system
#   Increase physical memory or swap space
#   Check if swap backing store is full
#   Decrease Java heap size (-Xmx/-Xms)
#   Decrease number of Java threads
#   Decrease Java thread stack sizes (-Xss)
#   Set larger code cache with -XX:ReservedCodeCacheSize=
#   JVM is running with Unscaled Compressed Oops mode in which the Java heap is
#     placed in the first 4GB address space. The Java Heap base address is the
#     maximum limit for the native heap growth. Please use -XX:HeapBaseMinAddress
#     to set the Java Heap base and to place the Java Heap above 4GB virtual address.
# This output file may be truncated or incomplete.
#
#  Out of Memory Error (os_windows.cpp:3631), pid=3440, tid=24604
#
# JRE version:  (22.0+36) (build )
# Java VM: Java HotSpot(TM) 64-Bit Server VM (22+36-2370, mixed mode, sharing, tiered, compressed oops, compressed class ptrs, g1 gc, windows-amd64)
# No core dump will be written. Minidumps are not enabled by default on client versions of Windows
#

---------------  S U M M A R Y ------------

Command Line: C:\Users\Dmitry Mashenkou\AppData\Local\Temp\surefire10569411936491673961\surefirebooter-20250315235550271_3.jar C:\Users\Dmitry Mashenkou\AppData\Local\Temp\surefire10569411936491673961 2025-03-15T23-55-47_496-jvmRun1 surefire-20250315235550271_1tmp surefire_0-20250315235550271_2tmp

Host: Intel(R) Core(TM) i7-8550U CPU @ 1.80GHz, 8 cores, 7G,  Windows 10 , 64 bit Build 19041 (10.0.19041.5438)
Time: Sat Mar 15 23:55:52 2025 Eastern Daylight Time elapsed time: 0.305981 seconds (0d 0h 0m 0s)

---------------  T H R E A D  ---------------

Current thread (0x0000019811b30b70):  JavaThread "Unknown thread" [_thread_in_vm, id=24604, stack(0x0000008644900000,0x0000008644a00000) (1024K)]

Stack: [0x0000008644900000,0x0000008644a00000]
Native frames: (J=compiled Java code, j=interpreted, Vv=VM code, C=native code)
V  [jvm.dll+0x6e2349]  (no source info available)
V  [jvm.dll+0x874ed3]  (no source info available)
V  [jvm.dll+0x8772fe]  (no source info available)
V  [jvm.dll+0x8779d3]  (no source info available)
V  [jvm.dll+0x27fcb6]  (no source info available)
V  [jvm.dll+0x6de9e5]  (no source info available)
V  [jvm.dll+0x6d34ea]  (no source info available)
V  [jvm.dll+0x35892a]  (no source info available)
V  [jvm.dll+0x360e56]  (no source info available)
V  [jvm.dll+0x3b3d7e]  (no source info available)
V  [jvm.dll+0x3b4028]  (no source info available)
V  [jvm.dll+0x32c4ec]  (no source info available)
V  [jvm.dll+0x32d0a8]  (no source info available)
V  [jvm.dll+0x83cd9c]  (no source info available)
V  [jvm.dll+0x3c0cc1]  (no source info available)
V  [jvm.dll+0x825d8c]  (no source info available)
V  [jvm.dll+0x45b9ee]  (no source info available)
V  [jvm.dll+0x45d871]  (no source info available)
C  [jli.dll+0x52a3]  (no source info available)
C  [ucrtbase.dll+0x21bb2]  (no source info available)
C  [KERNEL32.DLL+0x17374]  (no source info available)
C  [ntdll.dll+0x4cc91]  (no source info available)


---------------  P R O C E S S  ---------------

Threads class SMR info:
_java_thread_list=0x00007ffe7d7ac1c8, length=0, elements={
}

Java Threads: ( => current thread )
Total: 0

Other Threads:
  0x0000019813c2c540 WorkerThread "GC Thread#0"                     [id=18776, stack(0x0000008644a00000,0x0000008644b00000) (1024K)]
  0x0000019813c3ce40 ConcurrentGCThread "G1 Main Marker"            [id=25692, stack(0x0000008644b00000,0x0000008644c00000) (1024K)]
  0x0000019813c3e000 WorkerThread "G1 Conc#0"                       [id=24780, stack(0x0000008644c00000,0x0000008644d00000) (1024K)]

[error occurred during error reporting (printing all threads), id 0xc0000005, EXCEPTION_ACCESS_VIOLATION (0xc0000005) at pc=0x00007ffe7ceff2b7]
VM state: not at safepoint (not fully initialized)

VM Mutex/Monitor currently owned by a thread:  ([mutex/lock_event])
[0x00007ffe7d82ccc8] Heap_lock - owner thread: 0x0000019811b30b70

Heap address: 0x0000000084400000, size: 1980 MB, Compressed Oops mode: 32-bit

CDS archive(s) mapped at: [0x0000000000000000-0x0000000000000000-0x0000000000000000), size 0, SharedBaseAddress: 0x0000000800000000, ArchiveRelocationMode: 1.
Narrow klass base: 0x0000000000000000, Narrow klass shift: 0, Narrow klass range: 0x0

GC Precious Log:
 CardTable entry size: 512
 Card Set container configuration: InlinePtr #cards 5 size 8 Array Of Cards #cards 12 size 40 Howl #buckets 4 coarsen threshold 1843 Howl Bitmap #cards 512 size 80 coarsen threshold 460 Card regions per heap region 1 cards per card region 2048

Heap:
 garbage-first heap   total reserved 2027520K, committed 0K, used 0K [0x0000000084400000, 0x0000000100000000)
  region size 1024K, 0 young (0K), 0 survivors (0K)

[error occurred during error reporting (printing heap information), id 0xc0000005, EXCEPTION_ACCESS_VIOLATION (0xc0000005) at pc=0x00007ffe7d2fe4e9]
GC Heap History (0 events):
No events

Dll operation events (1 events):
Event: 0.009 Loaded shared library C:\Program Files\Java\jdk-22\bin\java.dll

Deoptimization events (0 events):
No events

Classes loaded (0 events):
No events

Classes unloaded (0 events):
No events

Classes redefined (0 events):
No events

Internal exceptions (0 events):
No events

ZGC Phase Switch (0 events):
No events

VM Operations (0 events):
No events

Events (0 events):
No events


Dynamic libraries:
0x00007ff77b020000 - 0x00007ff77b030000 	C:\Program Files\Java\jdk-22\bin\java.exe
0x00007fff0fb10000 - 0x00007fff0fd08000 	C:\WINDOWS\SYSTEM32\ntdll.dll
0x00007ffedef70000 - 0x00007ffedef8a000 	C:\Program Files\Avast Software\Avast\aswhook.dll
0x00007fff0f2a0000 - 0x00007fff0f362000 	C:\WINDOWS\System32\KERNEL32.DLL
0x00007fff0d3e0000 - 0x00007fff0d6df000 	C:\WINDOWS\System32\KERNELBASE.dll
0x00007fff0d750000 - 0x00007fff0d850000 	C:\WINDOWS\System32\ucrtbase.dll
0x00007fff02d90000 - 0x00007fff02da7000 	C:\Program Files\Java\jdk-22\bin\jli.dll
0x00007fff03490000 - 0x00007fff034ab000 	C:\Program Files\Java\jdk-22\bin\VCRUNTIME140.dll
0x00007fff0f910000 - 0x00007fff0f9bf000 	C:\WINDOWS\System32\ADVAPI32.dll
0x00007fff0ed70000 - 0x00007fff0ee0e000 	C:\WINDOWS\System32\msvcrt.dll
0x00007fff0dce0000 - 0x00007fff0dd7f000 	C:\WINDOWS\System32\sechost.dll
0x00007fff0dbb0000 - 0x00007fff0dcd3000 	C:\WINDOWS\System32\RPCRT4.dll
0x00007fff0d2d0000 - 0x00007fff0d2f7000 	C:\WINDOWS\System32\bcrypt.dll
0x00007fff0ee10000 - 0x00007fff0efad000 	C:\WINDOWS\System32\USER32.dll
0x00007fff0d850000 - 0x00007fff0d872000 	C:\WINDOWS\System32\win32u.dll
0x00007ffefeef0000 - 0x00007ffeff18a000 	C:\WINDOWS\WinSxS\amd64_microsoft.windows.common-controls_6595b64144ccf1df_6.0.19041.4355_none_60b8b9eb71f62e16\COMCTL32.dll
0x00007fff0faa0000 - 0x00007fff0facb000 	C:\WINDOWS\System32\GDI32.dll
0x00007fff0d1b0000 - 0x00007fff0d2ca000 	C:\WINDOWS\System32\gdi32full.dll
0x00007fff0d880000 - 0x00007fff0d91d000 	C:\WINDOWS\System32\msvcp_win.dll
0x00007fff03c10000 - 0x00007fff03c1a000 	C:\WINDOWS\SYSTEM32\VERSION.dll
0x00007fff0f9c0000 - 0x00007fff0f9ef000 	C:\WINDOWS\System32\IMM32.DLL
0x00007fff04ae0000 - 0x00007fff04aec000 	C:\Program Files\Java\jdk-22\bin\vcruntime140_1.dll
0x00007ffed90d0000 - 0x00007ffed915e000 	C:\Program Files\Java\jdk-22\bin\msvcp140.dll
0x00007ffe7cbc0000 - 0x00007ffe7d908000 	C:\Program Files\Java\jdk-22\bin\server\jvm.dll
0x00007fff0e0e0000 - 0x00007fff0e14b000 	C:\WINDOWS\System32\WS2_32.dll
0x00007fff0d010000 - 0x00007fff0d05b000 	C:\WINDOWS\SYSTEM32\POWRPROF.dll
0x00007ffefe290000 - 0x00007ffefe2b7000 	C:\WINDOWS\SYSTEM32\WINMM.dll
0x00007fff0cff0000 - 0x00007fff0d002000 	C:\WINDOWS\SYSTEM32\UMPDC.dll
0x00007fff0b9e0000 - 0x00007fff0b9f2000 	C:\WINDOWS\SYSTEM32\kernel.appcore.dll
0x00007fff03510000 - 0x00007fff0351a000 	C:\Program Files\Java\jdk-22\bin\jimage.dll
0x00007fff07cc0000 - 0x00007fff07ea4000 	C:\WINDOWS\SYSTEM32\DBGHELP.DLL
0x00007fff021f0000 - 0x00007fff02224000 	C:\WINDOWS\SYSTEM32\dbgcore.DLL
0x00007fff0d300000 - 0x00007fff0d382000 	C:\WINDOWS\System32\bcryptPrimitives.dll
0x00007fff00050000 - 0x00007fff0006e000 	C:\Program Files\Java\jdk-22\bin\java.dll
0x00007fff0e600000 - 0x00007fff0ed6d000 	C:\WINDOWS\System32\SHELL32.dll
0x00007fff0efc0000 - 0x00007fff0f0eb000 	C:\WINDOWS\System32\ole32.dll
0x00007fff0dd80000 - 0x00007fff0e0d5000 	C:\WINDOWS\System32\combase.dll

dbghelp: loaded successfully - version: 4.0.5 - missing functions: none
symbol engine: initialized successfully - sym options: 0x614 - pdb path: .;C:\Program Files\Java\jdk-22\bin;C:\WINDOWS\SYSTEM32;C:\Program Files\Avast Software\Avast;C:\WINDOWS\WinSxS\amd64_microsoft.windows.common-controls_6595b64144ccf1df_6.0.19041.4355_none_60b8b9eb71f62e16;C:\Program Files\Java\jdk-22\bin\server

VM Arguments:
java_command: C:\Users\Dmitry Mashenkou\AppData\Local\Temp\surefire10569411936491673961\surefirebooter-20250315235550271_3.jar C:\Users\Dmitry Mashenkou\AppData\Local\Temp\surefire10569411936491673961 2025-03-15T23-55-47_496-jvmRun1 surefire-20250315235550271_1tmp surefire_0-20250315235550271_2tmp
java_class_path (initial): C:\Users\Dmitry Mashenkou\AppData\Local\Temp\surefire10569411936491673961\surefirebooter-20250315235550271_3.jar
Launcher Type: SUN_STANDARD

[Global flags]
     intx CICompilerCount                          = 4                                         {product} {ergonomic}
     uint ConcGCThreads                            = 2                                         {product} {ergonomic}
     uint G1ConcRefinementThreads                  = 8                                         {product} {ergonomic}
   size_t G1HeapRegionSize                         = 1048576                                   {product} {ergonomic}
   size_t InitialHeapSize                          = 130023424                                 {product} {ergonomic}
   size_t MarkStackSize                            = 4194304                                   {product} {ergonomic}
   size_t MaxHeapSize                              = 2076180480                                {product} {ergonomic}
   size_t MinHeapDeltaBytes                        = 1048576                                   {product} {ergonomic}
   size_t MinHeapSize                              = 8388608                                   {product} {ergonomic}
    uintx NonNMethodCodeHeapSize                   = 5839372                                {pd product} {ergonomic}
    uintx NonProfiledCodeHeapSize                  = 122909434                              {pd product} {ergonomic}
    uintx ProfiledCodeHeapSize                     = 122909434                              {pd product} {ergonomic}
    uintx ReservedCodeCacheSize                    = 251658240                              {pd product} {ergonomic}
     bool SegmentedCodeCache                       = true                                      {product} {ergonomic}
   size_t SoftMaxHeapSize                          = 2076180480                             {manageable} {ergonomic}
     bool UseCompressedOops                        = true                           {product lp64_product} {ergonomic}
     bool UseG1GC                                  = true                                      {product} {ergonomic}
     bool UseLargePagesIndividualAllocation        = false                                  {pd product} {ergonomic}

Logging:
Log output configuration:
 #0: stdout all=warning uptime,level,tags foldmultilines=false
 #1: stderr all=off uptime,level,tags foldmultilines=false

Environment Variables:
JAVA_HOME=C:\Program Files\Java\jdk-22
PATH=C:\Program Files (x86)\Common Files\Oracle\Java\java8path;C:\Program Files (x86)\Common Files\Oracle\Java\javapath;C:\Program Files (x86)\NVIDIA Corporation\PhysX\Common;C:\Windows\system32;C:\Windows;C:\Windows\System32\Wbem;C:\Windows\System32\WindowsPowerShell\v1.0\;C:\WINDOWS\system32;C:\WINDOWS;C:\WINDOWS\System32\Wbem;C:\WINDOWS\System32\WindowsPowerShell\v1.0\;C:\WINDOWS\System32\OpenSSH\;D:\tests\drivers\ie\;D:\tests\drivers\ff\;D:\tests\drivers\chrome\;C:\php;C:\Program Files\dotnet\;C:\Program Files\Java\jdk-22\bin;C:\Users\Dmitry Mashenkou\AppData\Roaming\nvm;C:\Program Files\nodejs;C:\ProgramData\chocolatey\bin;D:\tests\apache-maven-3.9.6-bin\apache-maven-3.9.6\bin;C:\Program Files (x86)\Intel\Intel(R) Management Engine Components\DAL;C:\Program Files\Intel\Intel(R) Management Engine Components\DAL;C:\Program Files\Git\cmd;C:\Program Files (x86)\nodejs\;C:\Program Files\PuTTY\;C:\Program Files\Calibre2\;C:\Program Files\MySQL\MySQL Shell 8.0\bin\;C:\Users\Dmitry Mashenkou\Downloads\bind-9.18.31\bind-9.18.31\bin;C:\Users\Dmitry Mashenkou\AppData\Local\Programs\Python\Python39\;C:\Users\Dmitry Mashenkou\AppData\Local\Programs\Python\Python312\Scripts\;C:\Users\Dmitry Mashenkou\AppData\Local\Programs\Python\Python312\;C:\Users\Dmitry Mashenkou\AppData\Local\Programs\Python\Python37\Scripts\;C:\Users\Dmitry Mashenkou\AppData\Local\Programs\Python\Python37\;C:\Users\Dmitry Mashenkou\AppData\Local\Programs\Python\Python311\Scripts\;C:\Users\Dmitry Mashenkou\AppData\Local\Programs\Python\Python311\;D:\Python\Scripts\;D:\Python\;C:\Users\Dmitry Mashenkou\AppData\Local\Microsoft\WindowsApps;C:\Program Files\JetBrains\PyCharm Community Edition 2019.2.3\bin;;D:\tests\drivers\chrome\;D:\tests\drivers\ff\;D:\tests\drivers\ie\;C:\Program Files\JetBrains\PhpStorm 2019.3.3\bin;;D:\IntelliJ IDEA Community Edition 2024.1\bin;;C:\Users\Dmitry Mashenkou\AppData\Local\Microsoft\WindowsApps;C:\Users\Dmitry Mashenkou\AppData\Roaming\nvm;C:\Program Files\nodejs;C:\Users\Dmitry Mashenkou\AppData\Roaming\npm;
USERNAME=Dmitry Mashenkou
OS=Windows_NT
PROCESSOR_IDENTIFIER=Intel64 Family 6 Model 142 Stepping 10, GenuineIntel
TMP=C:\Users\Dmitry Mashenkou\AppData\Local\Temp
TEMP=C:\Users\Dmitry Mashenkou\AppData\Local\Temp




Periodic native trim disabled

---------------  S Y S T E M  ---------------

OS:
 Windows 10 , 64 bit Build 19041 (10.0.19041.5438)
OS uptime: 4 days 0:03 hours
Hyper-V role detected

CPU: total 8 (initial active 8) (4 cores per cpu, 2 threads per core) family 6 model 142 stepping 10 microcode 0xf0, cx8, cmov, fxsr, ht, mmx, 3dnowpref, sse, sse2, sse3, ssse3, sse4.1, sse4.2, popcnt, lzcnt, tsc, tscinvbit, avx, avx2, aes, erms, clmul, bmi1, bmi2, adx, fma, vzeroupper, clflush, clflushopt, hv, rdtscp, f16c
Processor Information for all 8 processors :
  Max Mhz: 2001, Current Mhz: 2001, Mhz Limit: 2001

Memory: 4k page, system-wide physical 7919M (430M free)
TotalPageFile size 21115M (AvailPageFile size 65M)
current process WorkingSet (physical memory assigned to process): 11M, peak: 11M
current process commit charge ("private bytes"): 60M, peak: 184M

vm_info: Java HotSpot(TM) 64-Bit Server VM (22+36-2370) for windows-amd64 JRE (22+36-2370), built on 2024-02-15T22:15:19Z by "mach5one" with MS VC++ 17.6 (VS2022)

END.
